// Jest Snapshot v1, https://goo.gl/fbAQLP

exports[`View CP Users renders 1`] = `
<div>
  <div
    class="DialogCreatorInjector-nav-1"
  >
    <button
      class="MuiButtonBase-root-28 MuiButton-root-2 MuiButton-contained-13 MuiButton-containedPrimary-14 MuiButton-raised-16 MuiButton-raisedPrimary-17"
      tabindex="0"
      type="button"
    >
      <span
        class="MuiButton-label-3"
      >
        Invite New
      </span>
      <span
        class="MuiTouchRipple-root-31"
      />
    </button>
  </div>
  <div
    class="ReactTable -highlight"
  >
    <div
      class="rt-table"
      role="grid"
    >
      <div
        class="rt-thead -header"
        style="min-width: 600px;"
      >
        <div
          class="rt-tr"
          role="row"
        >
          <div
            class="rt-th rt-resizable-header -cursor-pointer"
            role="columnheader"
            style="flex: 100 0 auto; width: 100px;"
            tabindex="-1"
          >
            <div
              class="rt-resizable-header-content"
            >
              Name
              <button
                aria-label="Filter"
                class="MuiButtonBase-root-28 MuiIconButton-root-38"
                tabindex="0"
                type="button"
              >
                <span
                  class="MuiIconButton-label-43"
                >
                  <svg
                    aria-hidden="true"
                    class="MuiSvgIcon-root-44"
                    focusable="false"
                    role="presentation"
                    viewBox="0 0 24 24"
                  >
                    <path
                      d="M15.5 14h-.79l-.28-.27C15.41 12.59 16 11.11 16 9.5 16 5.91 13.09 3 9.5 3S3 5.91 3 9.5 5.91 16 9.5 16c1.61 0 3.09-.59 4.23-1.57l.27.28v.79l5 4.99L20.49 19l-4.99-5zm-6 0C7.01 14 5 11.99 5 9.5S7.01 5 9.5 5 14 7.01 14 9.5 11.99 14 9.5 14z"
                    />
                    <path
                      d="M0 0h24v24H0z"
                      fill="none"
                    />
                  </svg>
                </span>
              </button>
            </div>
            <div
              class="rt-resizer"
            />
          </div>
          <div
            class="rt-th rt-resizable-header -cursor-pointer"
            role="columnheader"
            style="flex: 100 0 auto; width: 100px;"
            tabindex="-1"
          >
            <div
              class="rt-resizable-header-content"
            >
              Email
              <button
                aria-label="Filter"
                class="MuiButtonBase-root-28 MuiIconButton-root-38"
                tabindex="0"
                type="button"
              >
                <span
                  class="MuiIconButton-label-43"
                >
                  <svg
                    aria-hidden="true"
                    class="MuiSvgIcon-root-44"
                    focusable="false"
                    role="presentation"
                    viewBox="0 0 24 24"
                  >
                    <path
                      d="M15.5 14h-.79l-.28-.27C15.41 12.59 16 11.11 16 9.5 16 5.91 13.09 3 9.5 3S3 5.91 3 9.5 5.91 16 9.5 16c1.61 0 3.09-.59 4.23-1.57l.27.28v.79l5 4.99L20.49 19l-4.99-5zm-6 0C7.01 14 5 11.99 5 9.5S7.01 5 9.5 5 14 7.01 14 9.5 11.99 14 9.5 14z"
                    />
                    <path
                      d="M0 0h24v24H0z"
                      fill="none"
                    />
                  </svg>
                </span>
              </button>
            </div>
            <div
              class="rt-resizer"
            />
          </div>
          <div
            class="rt-th rt-resizable-header -cursor-pointer"
            role="columnheader"
            style="flex: 100 0 auto; width: 100px;"
            tabindex="-1"
          >
            <div
              class="rt-resizable-header-content"
            >
              Invited By
              <button
                aria-label="Filter"
                class="MuiButtonBase-root-28 MuiIconButton-root-38"
                tabindex="0"
                type="button"
              >
                <span
                  class="MuiIconButton-label-43"
                >
                  <svg
                    aria-hidden="true"
                    class="MuiSvgIcon-root-44"
                    focusable="false"
                    role="presentation"
                    viewBox="0 0 24 24"
                  >
                    <path
                      d="M15.5 14h-.79l-.28-.27C15.41 12.59 16 11.11 16 9.5 16 5.91 13.09 3 9.5 3S3 5.91 3 9.5 5.91 16 9.5 16c1.61 0 3.09-.59 4.23-1.57l.27.28v.79l5 4.99L20.49 19l-4.99-5zm-6 0C7.01 14 5 11.99 5 9.5S7.01 5 9.5 5 14 7.01 14 9.5 11.99 14 9.5 14z"
                    />
                    <path
                      d="M0 0h24v24H0z"
                      fill="none"
                    />
                  </svg>
                </span>
              </button>
            </div>
            <div
              class="rt-resizer"
            />
          </div>
          <div
            class="rt-th rt-resizable-header -cursor-pointer"
            role="columnheader"
            style="flex: 100 0 auto; width: 100px;"
            tabindex="-1"
          >
            <div
              class="rt-resizable-header-content"
            >
              Invited At
            </div>
            <div
              class="rt-resizer"
            />
          </div>
          <div
            class="rt-th rt-resizable-header -cursor-pointer"
            role="columnheader"
            style="flex: 100 0 auto; width: 100px;"
            tabindex="-1"
          >
            <div
              class="rt-resizable-header-content"
            >
              Last Login
            </div>
            <div
              class="rt-resizer"
            />
          </div>
          <div
            class="rt-th rt-resizable-header"
            role="columnheader"
            style="flex: 100 0 auto; width: 100px;"
            tabindex="-1"
          >
            <div
              class="rt-resizable-header-content"
            >
              Action
            </div>
            <div
              class="rt-resizer"
            />
          </div>
        </div>
      </div>
      <div
        class="rt-thead -filters"
        style="display: none; min-width: 600px;"
      >
        <div
          class="rt-tr"
          role="row"
        >
          <div
            class="rt-th"
            role="columnheader"
            style="flex: 100 0 auto; width: 100px;"
            tabindex="-1"
          >
            <input />
          </div>
          <div
            class="rt-th"
            role="columnheader"
            style="flex: 100 0 auto; width: 100px;"
            tabindex="-1"
          >
            <input />
          </div>
          <div
            class="rt-th"
            role="columnheader"
            style="flex: 100 0 auto; width: 100px;"
            tabindex="-1"
          >
            <input />
          </div>
          <div
            class="rt-th"
            role="columnheader"
            style="flex: 100 0 auto; width: 100px;"
            tabindex="-1"
          />
          <div
            class="rt-th"
            role="columnheader"
            style="flex: 100 0 auto; width: 100px;"
            tabindex="-1"
          />
          <div
            class="rt-th"
            role="columnheader"
            style="flex: 100 0 auto; width: 100px;"
            tabindex="-1"
          />
        </div>
      </div>
      <div
        class="rt-tbody"
        style="min-width: 600px;"
      >
        <div
          class="rt-tr-group"
          role="rowgroup"
        >
          <div
            class="rt-tr -padRow -odd"
            role="row"
          >
            <div
              class="rt-td"
              role="gridcell"
              style="flex: 100 0 auto; width: 100px;"
            >
              <span>
                 
              </span>
            </div>
            <div
              class="rt-td"
              role="gridcell"
              style="flex: 100 0 auto; width: 100px;"
            >
              <span>
                 
              </span>
            </div>
            <div
              class="rt-td"
              role="gridcell"
              style="flex: 100 0 auto; width: 100px;"
            >
              <span>
                 
              </span>
            </div>
            <div
              class="rt-td"
              role="gridcell"
              style="flex: 100 0 auto; width: 100px;"
            >
              <span>
                 
              </span>
            </div>
            <div
              class="rt-td"
              role="gridcell"
              style="flex: 100 0 auto; width: 100px;"
            >
              <span>
                 
              </span>
            </div>
            <div
              class="rt-td"
              role="gridcell"
              style="flex: 100 0 auto; width: 100px;"
            >
              <span>
                 
              </span>
            </div>
          </div>
        </div>
        <div
          class="rt-tr-group"
          role="rowgroup"
        >
          <div
            class="rt-tr -padRow -even"
            role="row"
          >
            <div
              class="rt-td"
              role="gridcell"
              style="flex: 100 0 auto; width: 100px;"
            >
              <span>
                 
              </span>
            </div>
            <div
              class="rt-td"
              role="gridcell"
              style="flex: 100 0 auto; width: 100px;"
            >
              <span>
                 
              </span>
            </div>
            <div
              class="rt-td"
              role="gridcell"
              style="flex: 100 0 auto; width: 100px;"
            >
              <span>
                 
              </span>
            </div>
            <div
              class="rt-td"
              role="gridcell"
              style="flex: 100 0 auto; width: 100px;"
            >
              <span>
                 
              </span>
            </div>
            <div
              class="rt-td"
              role="gridcell"
              style="flex: 100 0 auto; width: 100px;"
            >
              <span>
                 
              </span>
            </div>
            <div
              class="rt-td"
              role="gridcell"
              style="flex: 100 0 auto; width: 100px;"
            >
              <span>
                 
              </span>
            </div>
          </div>
        </div>
        <div
          class="rt-tr-group"
          role="rowgroup"
        >
          <div
            class="rt-tr -padRow -odd"
            role="row"
          >
            <div
              class="rt-td"
              role="gridcell"
              style="flex: 100 0 auto; width: 100px;"
            >
              <span>
                 
              </span>
            </div>
            <div
              class="rt-td"
              role="gridcell"
              style="flex: 100 0 auto; width: 100px;"
            >
              <span>
                 
              </span>
            </div>
            <div
              class="rt-td"
              role="gridcell"
              style="flex: 100 0 auto; width: 100px;"
            >
              <span>
                 
              </span>
            </div>
            <div
              class="rt-td"
              role="gridcell"
              style="flex: 100 0 auto; width: 100px;"
            >
              <span>
                 
              </span>
            </div>
            <div
              class="rt-td"
              role="gridcell"
              style="flex: 100 0 auto; width: 100px;"
            >
              <span>
                 
              </span>
            </div>
            <div
              class="rt-td"
              role="gridcell"
              style="flex: 100 0 auto; width: 100px;"
            >
              <span>
                 
              </span>
            </div>
          </div>
        </div>
        <div
          class="rt-tr-group"
          role="rowgroup"
        >
          <div
            class="rt-tr -padRow -even"
            role="row"
          >
            <div
              class="rt-td"
              role="gridcell"
              style="flex: 100 0 auto; width: 100px;"
            >
              <span>
                 
              </span>
            </div>
            <div
              class="rt-td"
              role="gridcell"
              style="flex: 100 0 auto; width: 100px;"
            >
              <span>
                 
              </span>
            </div>
            <div
              class="rt-td"
              role="gridcell"
              style="flex: 100 0 auto; width: 100px;"
            >
              <span>
                 
              </span>
            </div>
            <div
              class="rt-td"
              role="gridcell"
              style="flex: 100 0 auto; width: 100px;"
            >
              <span>
                 
              </span>
            </div>
            <div
              class="rt-td"
              role="gridcell"
              style="flex: 100 0 auto; width: 100px;"
            >
              <span>
                 
              </span>
            </div>
            <div
              class="rt-td"
              role="gridcell"
              style="flex: 100 0 auto; width: 100px;"
            >
              <span>
                 
              </span>
            </div>
          </div>
        </div>
        <div
          class="rt-tr-group"
          role="rowgroup"
        >
          <div
            class="rt-tr -padRow -odd"
            role="row"
          >
            <div
              class="rt-td"
              role="gridcell"
              style="flex: 100 0 auto; width: 100px;"
            >
              <span>
                 
              </span>
            </div>
            <div
              class="rt-td"
              role="gridcell"
              style="flex: 100 0 auto; width: 100px;"
            >
              <span>
                 
              </span>
            </div>
            <div
              class="rt-td"
              role="gridcell"
              style="flex: 100 0 auto; width: 100px;"
            >
              <span>
                 
              </span>
            </div>
            <div
              class="rt-td"
              role="gridcell"
              style="flex: 100 0 auto; width: 100px;"
            >
              <span>
                 
              </span>
            </div>
            <div
              class="rt-td"
              role="gridcell"
              style="flex: 100 0 auto; width: 100px;"
            >
              <span>
                 
              </span>
            </div>
            <div
              class="rt-td"
              role="gridcell"
              style="flex: 100 0 auto; width: 100px;"
            >
              <span>
                 
              </span>
            </div>
          </div>
        </div>
        <div
          class="rt-tr-group"
          role="rowgroup"
        >
          <div
            class="rt-tr -padRow -even"
            role="row"
          >
            <div
              class="rt-td"
              role="gridcell"
              style="flex: 100 0 auto; width: 100px;"
            >
              <span>
                 
              </span>
            </div>
            <div
              class="rt-td"
              role="gridcell"
              style="flex: 100 0 auto; width: 100px;"
            >
              <span>
                 
              </span>
            </div>
            <div
              class="rt-td"
              role="gridcell"
              style="flex: 100 0 auto; width: 100px;"
            >
              <span>
                 
              </span>
            </div>
            <div
              class="rt-td"
              role="gridcell"
              style="flex: 100 0 auto; width: 100px;"
            >
              <span>
                 
              </span>
            </div>
            <div
              class="rt-td"
              role="gridcell"
              style="flex: 100 0 auto; width: 100px;"
            >
              <span>
                 
              </span>
            </div>
            <div
              class="rt-td"
              role="gridcell"
              style="flex: 100 0 auto; width: 100px;"
            >
              <span>
                 
              </span>
            </div>
          </div>
        </div>
        <div
          class="rt-tr-group"
          role="rowgroup"
        >
          <div
            class="rt-tr -padRow -odd"
            role="row"
          >
            <div
              class="rt-td"
              role="gridcell"
              style="flex: 100 0 auto; width: 100px;"
            >
              <span>
                 
              </span>
            </div>
            <div
              class="rt-td"
              role="gridcell"
              style="flex: 100 0 auto; width: 100px;"
            >
              <span>
                 
              </span>
            </div>
            <div
              class="rt-td"
              role="gridcell"
              style="flex: 100 0 auto; width: 100px;"
            >
              <span>
                 
              </span>
            </div>
            <div
              class="rt-td"
              role="gridcell"
              style="flex: 100 0 auto; width: 100px;"
            >
              <span>
                 
              </span>
            </div>
            <div
              class="rt-td"
              role="gridcell"
              style="flex: 100 0 auto; width: 100px;"
            >
              <span>
                 
              </span>
            </div>
            <div
              class="rt-td"
              role="gridcell"
              style="flex: 100 0 auto; width: 100px;"
            >
              <span>
                 
              </span>
            </div>
          </div>
        </div>
        <div
          class="rt-tr-group"
          role="rowgroup"
        >
          <div
            class="rt-tr -padRow -even"
            role="row"
          >
            <div
              class="rt-td"
              role="gridcell"
              style="flex: 100 0 auto; width: 100px;"
            >
              <span>
                 
              </span>
            </div>
            <div
              class="rt-td"
              role="gridcell"
              style="flex: 100 0 auto; width: 100px;"
            >
              <span>
                 
              </span>
            </div>
            <div
              class="rt-td"
              role="gridcell"
              style="flex: 100 0 auto; width: 100px;"
            >
              <span>
                 
              </span>
            </div>
            <div
              class="rt-td"
              role="gridcell"
              style="flex: 100 0 auto; width: 100px;"
            >
              <span>
                 
              </span>
            </div>
            <div
              class="rt-td"
              role="gridcell"
              style="flex: 100 0 auto; width: 100px;"
            >
              <span>
                 
              </span>
            </div>
            <div
              class="rt-td"
              role="gridcell"
              style="flex: 100 0 auto; width: 100px;"
            >
              <span>
                 
              </span>
            </div>
          </div>
        </div>
        <div
          class="rt-tr-group"
          role="rowgroup"
        >
          <div
            class="rt-tr -padRow -odd"
            role="row"
          >
            <div
              class="rt-td"
              role="gridcell"
              style="flex: 100 0 auto; width: 100px;"
            >
              <span>
                 
              </span>
            </div>
            <div
              class="rt-td"
              role="gridcell"
              style="flex: 100 0 auto; width: 100px;"
            >
              <span>
                 
              </span>
            </div>
            <div
              class="rt-td"
              role="gridcell"
              style="flex: 100 0 auto; width: 100px;"
            >
              <span>
                 
              </span>
            </div>
            <div
              class="rt-td"
              role="gridcell"
              style="flex: 100 0 auto; width: 100px;"
            >
              <span>
                 
              </span>
            </div>
            <div
              class="rt-td"
              role="gridcell"
              style="flex: 100 0 auto; width: 100px;"
            >
              <span>
                 
              </span>
            </div>
            <div
              class="rt-td"
              role="gridcell"
              style="flex: 100 0 auto; width: 100px;"
            >
              <span>
                 
              </span>
            </div>
          </div>
        </div>
        <div
          class="rt-tr-group"
          role="rowgroup"
        >
          <div
            class="rt-tr -padRow -even"
            role="row"
          >
            <div
              class="rt-td"
              role="gridcell"
              style="flex: 100 0 auto; width: 100px;"
            >
              <span>
                 
              </span>
            </div>
            <div
              class="rt-td"
              role="gridcell"
              style="flex: 100 0 auto; width: 100px;"
            >
              <span>
                 
              </span>
            </div>
            <div
              class="rt-td"
              role="gridcell"
              style="flex: 100 0 auto; width: 100px;"
            >
              <span>
                 
              </span>
            </div>
            <div
              class="rt-td"
              role="gridcell"
              style="flex: 100 0 auto; width: 100px;"
            >
              <span>
                 
              </span>
            </div>
            <div
              class="rt-td"
              role="gridcell"
              style="flex: 100 0 auto; width: 100px;"
            >
              <span>
                 
              </span>
            </div>
            <div
              class="rt-td"
              role="gridcell"
              style="flex: 100 0 auto; width: 100px;"
            >
              <span>
                 
              </span>
            </div>
          </div>
        </div>
      </div>
    </div>
    <div
      class="pagination-bottom"
    >
      <div
        class="Pagination-paginationContainer-53"
      >
        <div
          class="Pagination-pagination-54"
        >
          <div
            class="MuiToolbar-root-66 MuiToolbar-regular-68 MuiToolbar-gutters-67 MuiTablePagination-toolbar-57"
          >
            <div
              class="MuiTablePagination-spacer-58"
            />
            <span
              class="MuiTypography-root-70 MuiTypography-caption-80 MuiTablePagination-caption-59"
            >
              Rows per page:
            </span>
            <div
              class="MuiInputBase-root-103 MuiTablePagination-input-63"
            >
              <div
                class="MuiSelect-root-96 MuiTablePagination-selectRoot-60"
              >
                <div
                  aria-haspopup="true"
                  aria-pressed="false"
                  class="MuiSelect-select-97 MuiTablePagination-select-61 Pagination-paginationSelect-55 MuiSelect-selectMenu-100 MuiInputBase-input-113"
                  data-testid="select"
                  role="button"
                  tabindex="0"
                >
                  10
                </div>
                <input
                  type="hidden"
                  value="10"
                />
                <svg
                  aria-hidden="true"
                  class="MuiSvgIcon-root-44 MuiSelect-icon-102 MuiTablePagination-selectIcon-62"
                  focusable="false"
                  role="presentation"
                  viewBox="0 0 24 24"
                >
                  <path
                    d="M7 10l5 5 5-5z"
                  />
                </svg>
              </div>
            </div>
            <span
              class="MuiTypography-root-70 MuiTypography-caption-80 MuiTablePagination-caption-59"
            >
              0-0 of 0
            </span>
            <div
              class="PaginationActions-root-124"
            >
              <button
                aria-label="First Page"
                class="MuiButtonBase-root-28 MuiButtonBase-disabled-29 MuiIconButton-root-38 MuiIconButton-disabled-42"
                disabled=""
                tabindex="-1"
                type="button"
              >
                <span
                  class="MuiIconButton-label-43"
                >
                  <svg
                    aria-hidden="true"
                    class="MuiSvgIcon-root-44"
                    focusable="false"
                    role="presentation"
                    viewBox="0 0 24 24"
                  >
                    <path
                      d="M18.41 16.59L13.82 12l4.59-4.59L17 6l-6 6 6 6zM6 6h2v12H6z"
                    />
                    <path
                      d="M24 24H0V0h24v24z"
                      fill="none"
                    />
                  </svg>
                </span>
              </button>
              <button
                aria-label="Previous Page"
                class="MuiButtonBase-root-28 MuiButtonBase-disabled-29 MuiIconButton-root-38 MuiIconButton-disabled-42"
                disabled=""
                tabindex="-1"
                type="button"
              >
                <span
                  class="MuiIconButton-label-43"
                >
                  <svg
                    aria-hidden="true"
                    class="MuiSvgIcon-root-44"
                    focusable="false"
                    role="presentation"
                    viewBox="0 0 24 24"
                  >
                    <path
                      d="M15.41 16.59L10.83 12l4.58-4.59L14 6l-6 6 6 6 1.41-1.41z"
                    />
                    <path
                      d="M0 0h24v24H0V0z"
                      fill="none"
                    />
                  </svg>
                </span>
              </button>
              <button
                aria-label="Next Page"
                class="MuiButtonBase-root-28 MuiButtonBase-disabled-29 MuiIconButton-root-38 MuiIconButton-disabled-42"
                disabled=""
                tabindex="-1"
                type="button"
              >
                <span
                  class="MuiIconButton-label-43"
                >
                  <svg
                    aria-hidden="true"
                    class="MuiSvgIcon-root-44"
                    focusable="false"
                    role="presentation"
                    viewBox="0 0 24 24"
                  >
                    <path
                      d="M8.59 16.59L13.17 12 8.59 7.41 10 6l6 6-6 6-1.41-1.41z"
                    />
                    <path
                      d="M0 0h24v24H0V0z"
                      fill="none"
                    />
                  </svg>
                </span>
              </button>
              <button
                aria-label="Last Page"
                class="MuiButtonBase-root-28 MuiButtonBase-disabled-29 MuiIconButton-root-38 MuiIconButton-disabled-42"
                disabled=""
                tabindex="-1"
                type="button"
              >
                <span
                  class="MuiIconButton-label-43"
                >
                  <svg
                    aria-hidden="true"
                    class="MuiSvgIcon-root-44"
                    focusable="false"
                    role="presentation"
                    viewBox="0 0 24 24"
                  >
                    <path
                      d="M5.59 7.41L10.18 12l-4.59 4.59L7 18l6-6-6-6zM16 6h2v12h-2z"
                    />
                    <path
                      d="M0 0h24v24H0V0z"
                      fill="none"
                    />
                  </svg>
                </span>
              </button>
            </div>
          </div>
        </div>
      </div>
    </div>
    <div
      class="rt-noData"
    >
      <span>
        Nothing to display!
      </span>
    </div>
    <div
      class="-loading"
    >
      <div
        class="-loading-inner"
      >
        <div
          class="MuiCircularProgress-root-125 MuiCircularProgress-colorPrimary-128 MuiCircularProgress-indeterminate-127"
          role="progressbar"
          style="width: 40px; height: 40px;"
        >
          <svg
            class="MuiCircularProgress-svg-130"
            viewBox="22 22 44 44"
          >
            <circle
              class="MuiCircularProgress-circle-131 MuiCircularProgress-circleIndeterminate-133"
              cx="44"
              cy="44"
              fill="none"
              r="20.2"
              stroke-width="3.6"
            />
          </svg>
        </div>
      </div>
    </div>
  </div>
</div>
`;
